20:30:47 **** Incremental Build of configuration Debug for project i2c_licenta ****
make -j12 all 
arm-none-eabi-size  i2c_licenta.elf 
   text	   data	    bss	    dec	    hex	filename
  37260	    468	   2060	  39788	   9b6c	i2c_licenta.elf
Finished building: default.size.stdout
 
20:30:51 **** Incremental Build of configuration Debug for project i2c_licenta ****
make -j12 all 
arm-none-eabi-size  i2c_licenta.elf 
   text	   data	    bss	    dec	    hex	filename
  37260	    468	   2060	  39788	   9b6c	i2c_licenta.elf
Finished building: default.size.stdout
 
20:34:27 **** Incremental Build of configuration Debug for project i2c_licenta ****
make -j12 all 
arm-none-eabi-size  i2c_licenta.elf 
   text	   data	    bss	    dec	    hex	filename
  37260	    468	   2060	  39788	   9b6c	i2c_licenta.elf
Finished building: default.size.stdout
 
20:35:44 **** Incremental Build of configuration Debug for project i2c_licenta ****
make -j12 all 
arm-none-eabi-size  i2c_licenta.elf 
   text	   data	    bss	    dec	    hex	filename
  37260	    468	   2060	  39788	   9b6c	i2c_licenta.elf
Finished building: default.size.stdout
 
